19:28:28 tt-verify-live2 start: serial=863d00583048313238510ca492874c account=@marczell.vibes video=C:\Users\josu_\Downloads\Videos to test\0730 MA-V-1.mp4
19:28:28 caption (9 words): 'Your future is built by what you do today'
19:28:29 PRE-CHECK probe wall=19:28:29.117: accessibility service answered a fresh dump on first try (0.7s)
19:28:29 PRE-CHECK RESULT: VIVO wall=19:28:29.767 (ensure_accessibility_healthy healthy no-op path in 0.6s)
19:28:45 prepare OK: identity=@marczell.vibes baseline_play_counts=['151', '86', '578', '646', '544'] wall=19:28:45.559
19:28:46   evidence saved: ttverify2-baseline.xml + .png
19:28:48 media pushed -> /sdcard/Movies/SouthFarm/ttverify-live2.mp4 wall=19:28:48.435
19:28:50   [tap #1] center=(360,1495) wall=19:28:50.069
19:28:53   [tap #2] center=(80,1460) wall=19:28:53.434
19:28:55   [picker dump #6] 15 thumbs bounds=[(4, 258, 239, 496), (243, 258, 478, 496), (482, 258, 716, 496), (4, 500, 239, 738), (243, 500, 478, 738), (482, 500, 716, 738), (4, 742, 239, 980), (243, 742, 478, 980), (482, 742, 716, 980), (4, 984, 239, 1222), (243, 984, 478, 1222), (482, 984, 716, 1222), (4, 1226, 239, 1392), (243, 1226, 478, 1392), (482, 1226, 716, 1392)] duration_labels=['00:14', '00:13', '00:27', '00:27', '00:27', '00:20', '00:20', '00:41', '00:26', '00:26', '00:33', '00:25']
19:28:55 checkpoint selecting_media progress=25 final_action=False evidence={'platform': 'tiktok', 'stage': 'picker', 'duration_formats': ['00:14', '0:14']} wall=19:28:55.218
19:28:55 SELECT MEDIA: start wall=19:28:55.219 duration=14s expected_labels=['00:14', '0:14']
19:28:55   [candidate #1] rid='com.zhiliaoapp.musically:id/gi4' text='00:14' arrival_bounds=(144, 450, 239, 496) in_viewport=True -> re-dumping fresh (up to 2)
19:28:56   [picker dump #7] 15 thumbs bounds=[(4, 258, 239, 496), (243, 258, 478, 496), (482, 258, 716, 496), (4, 500, 239, 738), (243, 500, 478, 738), (482, 500, 716, 738), (4, 742, 239, 980), (243, 742, 478, 980), (482, 742, 716, 980), (4, 984, 239, 1222), (243, 984, 478, 1222), (482, 984, 716, 1222), (4, 1226, 239, 1392), (243, 1226, 478, 1392), (482, 1226, 716, 1392)] duration_labels=['00:14', '00:13', '00:27', '00:27', '00:27', '00:20', '00:20', '00:41', '00:26', '00:26', '00:33', '00:25']
19:28:56   [candidate #1] ACCEPTED after 1 fresh dump(s): fresh_bounds=(4, 258, 239, 496) in_viewport=True
19:28:56   [tap #3] center=(121,377) wall=19:28:56.727
19:29:00   [picker dump #8] 15 thumbs bounds=[(4, 258, 239, 496), (243, 258, 478, 496), (482, 258, 716, 496), (4, 500, 239, 738), (243, 500, 478, 738), (482, 500, 716, 738), (4, 742, 239, 980), (243, 742, 478, 980), (482, 742, 716, 980), (4, 984, 239, 1222), (243, 984, 478, 1222), (482, 984, 716, 1222), (4, 1226, 239, 1392), (243, 1226, 478, 1392), (482, 1226, 716, 1392)] duration_labels=['00:14', '00:13', '00:27', '00:27', '00:27', '00:20', '00:20', '00:41', '00:26', '00:26', '00:33', '00:25']
19:29:01   [picker dump #9] 15 thumbs bounds=[(4, 258, 239, 496), (243, 258, 478, 496), (482, 258, 716, 496), (4, 500, 239, 738), (243, 500, 478, 738), (482, 500, 716, 738), (4, 742, 239, 980), (243, 742, 478, 980), (482, 742, 716, 980), (4, 984, 239, 1222), (243, 984, 478, 1222), (482, 984, 716, 1222), (4, 1226, 239, 1392), (243, 1226, 478, 1392), (482, 1226, 716, 1392)] duration_labels=['00:14', '00:13', '00:27', '00:27', '00:27', '00:20', '00:20', '00:41', '00:26', '00:26', '00:33', '00:25']
19:29:01   [tap #4] center=(532,1468) wall=19:29:01.550
19:29:05 SELECT MEDIA: done wall=19:29:05.757 in 10.5s
19:29:05 checkpoint editing progress=45 final_action=False evidence={'platform': 'tiktok', 'stage': 'editor'} wall=19:29:05.757
19:29:06   [tap #5] center=(530,1476) wall=19:29:06.491
19:29:09   [tap #6] center=(221,328) wall=19:29:09.293
19:29:10   [caption write] 'Your future is built by what you do today' wall=19:29:10.486
19:29:13 checkpoint captioning progress=65 final_action=False evidence={'platform': 'tiktok', 'caption_words': 9} wall=19:29:13.506
19:29:13   [back keyevent] wall=19:29:13.508
19:29:14 checkpoint ready_to_publish progress=80 final_action=False evidence={'platform': 'tiktok', 'stage': 'post'} wall=19:29:14.792
19:29:15 checkpoint publishing progress=90 final_action=True evidence={'platform': 'tiktok', 'final': 'post'} wall=19:29:15.584
19:29:16   evidence saved: ttverify2-post-screen.xml + .png
19:29:16   POST TAP at t=441608.687 wall=19:29:16.294 (last publish tap; no re-tap ever)
19:29:16   [tap #7] center=(532,1472) wall=19:29:16.294
19:29:32 ABORTED (fail-closed, no retry):
19:29:32 Traceback (most recent call last):
  File "C:\SouthFarm\source\.worktrees\semiorganic-publishing\tt-verify-live2.py", line 481, in main
    adapter.publish(job, device, make_checkpoint(device))
  File "C:\SouthFarm\source\.worktrees\semiorganic-publishing\publisher_worker\southfarm_publisher\platforms\tiktok.py", line 341, in publish
    raise PublisherError("POST_UNCONFIRMED", "TikTok did not confirm the posted video", retryable=True, final_action_uncertain=True) from None
southfarm_publisher.models.PublisherError: TikTok did not confirm the posted video

19:29:33   evidence saved: ttverify2-aborted.xml + .png
19:29:33 RESULT: FAILURE
19:29:33 cleaned pushed media file from device (post itself is NOT deleted)
