18:17:48 tt-verify-live1 start: serial=863d00583048313238510ca492874c account=@marczell.vibes video=C:\Users\josu_\Downloads\Videos to test\0730 MA-V-1.mp4
18:17:48 caption (9 words): 'Your future is built by what you do today'
18:17:49 PRE-CHECK probe wall=18:17:49.632: accessibility service answered a fresh dump on first try (0.7s)
18:17:50 PRE-CHECK RESULT: VIVO wall=18:17:50.307 (ensure_accessibility_healthy healthy no-op path in 0.7s)
18:18:07   [tap #1] center=(648,1495) wall=18:18:07.282
18:18:09 prepare OK: identity=@marczell.vibes baseline_play_counts=['151', '86', '578', '646', '544'] wall=18:18:09.812
18:18:10   evidence saved: ttverify1-baseline.xml + .png
18:18:12 media pushed -> /sdcard/Movies/SouthFarm/ttverify-live1.mp4 wall=18:18:12.729
18:18:14   [tap #2] center=(360,1495) wall=18:18:14.644
18:18:18   [tap #3] center=(80,1460) wall=18:18:18.656
18:18:21   [picker dump #8] 15 thumbs bounds=[(4, 258, 239, 496), (243, 258, 478, 496), (482, 258, 716, 496), (4, 500, 239, 738), (243, 500, 478, 738), (482, 500, 716, 738), (4, 742, 239, 980), (243, 742, 478, 980), (482, 742, 716, 980), (4, 984, 239, 1222), (243, 984, 478, 1222), (482, 984, 716, 1222), (4, 1226, 239, 1392), (243, 1226, 478, 1392), (482, 1226, 716, 1392)] duration_labels=['00:14', '00:13', '00:27', '00:27', '00:27', '00:20', '00:20', '00:41', '00:26', '00:26', '00:33', '00:25']
18:18:22   [picker dump #9] 15 thumbs bounds=[(4, 258, 239, 496), (243, 258, 478, 496), (482, 258, 716, 496), (4, 500, 239, 738), (243, 500, 478, 738), (482, 500, 716, 738), (4, 742, 239, 980), (243, 742, 478, 980), (482, 742, 716, 980), (4, 984, 239, 1222), (243, 984, 478, 1222), (482, 984, 716, 1222), (4, 1226, 239, 1392), (243, 1226, 478, 1392), (482, 1226, 716, 1392)] duration_labels=['00:14', '00:13', '00:27', '00:27', '00:27', '00:20', '00:20', '00:41', '00:26', '00:26', '00:33', '00:25']
18:18:22   [tap #4] center=(252,209) wall=18:18:22.652
18:18:24   [picker dump #10] 15 thumbs bounds=[(4, 258, 239, 496), (243, 258, 478, 496), (482, 258, 716, 496), (4, 500, 239, 738), (243, 500, 478, 738), (482, 500, 716, 738), (4, 742, 239, 980), (243, 742, 478, 980), (482, 742, 716, 980), (4, 984, 239, 1222), (243, 984, 478, 1222), (482, 984, 716, 1222), (4, 1226, 239, 1392), (243, 1226, 478, 1392), (482, 1226, 716, 1392)] duration_labels=['00:14', '00:13', '00:27', '00:27', '00:27', '00:20', '00:20', '00:41', '00:26', '00:26', '00:33', '00:25']
18:18:26   [picker dump #11] 15 thumbs bounds=[(4, 258, 239, 496), (243, 258, 478, 496), (482, 258, 716, 496), (4, 500, 239, 738), (243, 500, 478, 738), (482, 500, 716, 738), (4, 742, 239, 980), (243, 742, 478, 980), (482, 742, 716, 980), (4, 984, 239, 1222), (243, 984, 478, 1222), (482, 984, 716, 1222), (4, 1226, 239, 1392), (243, 1226, 478, 1392), (482, 1226, 716, 1392)] duration_labels=['00:14', '00:13', '00:27', '00:27', '00:27', '00:20', '00:20', '00:41', '00:26', '00:26', '00:33', '00:25']
18:18:27   [picker dump #12] 15 thumbs bounds=[(4, 258, 239, 496), (243, 258, 478, 496), (482, 258, 716, 496), (4, 500, 239, 738), (243, 500, 478, 738), (482, 500, 716, 738), (4, 742, 239, 980), (243, 742, 478, 980), (482, 742, 716, 980), (4, 984, 239, 1222), (243, 984, 478, 1222), (482, 984, 716, 1222), (4, 1226, 239, 1392), (243, 1226, 478, 1392), (482, 1226, 716, 1392)] duration_labels=['00:14', '00:13', '00:27', '00:27', '00:27', '00:20', '00:20', '00:41', '00:26', '00:26', '00:33', '00:25']
18:18:28   [picker dump #13] 15 thumbs bounds=[(4, 258, 239, 496), (243, 258, 478, 496), (482, 258, 716, 496), (4, 500, 239, 738), (243, 500, 478, 738), (482, 500, 716, 738), (4, 742, 239, 980), (243, 742, 478, 980), (482, 742, 716, 980), (4, 984, 239, 1222), (243, 984, 478, 1222), (482, 984, 716, 1222), (4, 1226, 239, 1392), (243, 1226, 478, 1392), (482, 1226, 716, 1392)] duration_labels=['00:14', '00:13', '00:27', '00:27', '00:27', '00:20', '00:20', '00:41', '00:26', '00:26', '00:33', '00:25']
18:18:30   [picker dump #14] 15 thumbs bounds=[(4, 258, 239, 496), (243, 258, 478, 496), (482, 258, 716, 496), (4, 500, 239, 738), (243, 500, 478, 738), (482, 500, 716, 738), (4, 742, 239, 980), (243, 742, 478, 980), (482, 742, 716, 980), (4, 984, 239, 1222), (243, 984, 478, 1222), (482, 984, 716, 1222), (4, 1226, 239, 1392), (243, 1226, 478, 1392), (482, 1226, 716, 1392)] duration_labels=['00:14', '00:13', '00:27', '00:27', '00:27', '00:20', '00:20', '00:41', '00:26', '00:26', '00:33', '00:25']
18:18:31   [picker dump #15] 15 thumbs bounds=[(4, 258, 239, 496), (243, 258, 478, 496), (482, 258, 716, 496), (4, 500, 239, 738), (243, 500, 478, 738), (482, 500, 716, 738), (4, 742, 239, 980), (243, 742, 478, 980), (482, 742, 716, 980), (4, 984, 239, 1222), (243, 984, 478, 1222), (482, 984, 716, 1222), (4, 1226, 239, 1392), (243, 1226, 478, 1392), (482, 1226, 716, 1392)] duration_labels=['00:14', '00:13', '00:27', '00:27', '00:27', '00:20', '00:20', '00:41', '00:26', '00:26', '00:33', '00:25']
18:18:32   [picker dump #16] 15 thumbs bounds=[(4, 258, 239, 496), (243, 258, 478, 496), (482, 258, 716, 496), (4, 500, 239, 738), (243, 500, 478, 738), (482, 500, 716, 738), (4, 742, 239, 980), (243, 742, 478, 980), (482, 742, 716, 980), (4, 984, 239, 1222), (243, 984, 478, 1222), (482, 984, 716, 1222), (4, 1226, 239, 1392), (243, 1226, 478, 1392), (482, 1226, 716, 1392)] duration_labels=['00:14', '00:13', '00:27', '00:27', '00:27', '00:20', '00:20', '00:41', '00:26', '00:26', '00:33', '00:25']
18:18:34   [picker dump #17] 15 thumbs bounds=[(4, 258, 239, 496), (243, 258, 478, 496), (482, 258, 716, 496), (4, 500, 239, 738), (243, 500, 478, 738), (482, 500, 716, 738), (4, 742, 239, 980), (243, 742, 478, 980), (482, 742, 716, 980), (4, 984, 239, 1222), (243, 984, 478, 1222), (482, 984, 716, 1222), (4, 1226, 239, 1392), (243, 1226, 478, 1392), (482, 1226, 716, 1392)] duration_labels=['00:14', '00:13', '00:27', '00:27', '00:27', '00:20', '00:20', '00:41', '00:26', '00:26', '00:33', '00:25']
18:18:35   [picker dump #18] 15 thumbs bounds=[(4, 258, 239, 496), (243, 258, 478, 496), (482, 258, 716, 496), (4, 500, 239, 738), (243, 500, 478, 738), (482, 500, 716, 738), (4, 742, 239, 980), (243, 742, 478, 980), (482, 742, 716, 980), (4, 984, 239, 1222), (243, 984, 478, 1222), (482, 984, 716, 1222), (4, 1226, 239, 1392), (243, 1226, 478, 1392), (482, 1226, 716, 1392)] duration_labels=['00:14', '00:13', '00:27', '00:27', '00:27', '00:20', '00:20', '00:41', '00:26', '00:26', '00:33', '00:25']
18:18:36   [picker dump #19] 15 thumbs bounds=[(4, 258, 239, 496), (243, 258, 478, 496), (482, 258, 716, 496), (4, 500, 239, 738), (243, 500, 478, 738), (482, 500, 716, 738), (4, 742, 239, 980), (243, 742, 478, 980), (482, 742, 716, 980), (4, 984, 239, 1222), (243, 984, 478, 1222), (482, 984, 716, 1222), (4, 1226, 239, 1392), (243, 1226, 478, 1392), (482, 1226, 716, 1392)] duration_labels=['00:14', '00:13', '00:27', '00:27', '00:27', '00:20', '00:20', '00:41', '00:26', '00:26', '00:33', '00:25']
18:18:38   [picker dump #20] 15 thumbs bounds=[(4, 258, 239, 496), (243, 258, 478, 496), (482, 258, 716, 496), (4, 500, 239, 738), (243, 500, 478, 738), (482, 500, 716, 738), (4, 742, 239, 980), (243, 742, 478, 980), (482, 742, 716, 980), (4, 984, 239, 1222), (243, 984, 478, 1222), (482, 984, 716, 1222), (4, 1226, 239, 1392), (243, 1226, 478, 1392), (482, 1226, 716, 1392)] duration_labels=['00:14', '00:13', '00:27', '00:27', '00:27', '00:20', '00:20', '00:41', '00:26', '00:26', '00:33', '00:25']
18:18:38 ABORTED (fail-closed, no retry):
18:18:38 Traceback (most recent call last):
  File "C:\SouthFarm\source\.worktrees\semiorganic-publishing\tt-verify-live1.py", line 437, in main
    adapter.publish(job, device, make_checkpoint(device))
  File "C:\SouthFarm\source\.worktrees\semiorganic-publishing\publisher_worker\southfarm_publisher\platforms\tiktok.py", line 269, in publish
    self.tap_and_wait(device, videos, error="VIDEOS_MEDIA", predicate=self._video_grid)
  File "C:\SouthFarm\source\.worktrees\semiorganic-publishing\publisher_worker\southfarm_publisher\platforms\common.py", line 145, in tap_and_wait
    return self._wait_for_fresh(device, before_targets, error=error, text=text, content_desc=content_desc, resource_id=resource_id, context=context, predicate=predicate)
           ^^^^^^^^^^^^^^^^^^^^^^^^^^^^^^^^^^^^^^^^^^^^^^^^^^^^^^^^^^^^^^^^^^^^^^^^^^^^^^^^^^^^^^^^^^^^^^^^^^^^^^^^^^^^^^^^^^^^^^^^^^^^^^^^^^^^^^^^^^^^^^^^^^^^^^^^^^^^^^
  File "C:\SouthFarm\source\.worktrees\semiorganic-publishing\publisher_worker\southfarm_publisher\platforms\common.py", line 185, in _wait_for_fresh
    raise PublisherError("UI_TIMEOUT", f"Timed out waiting for fresh {error}", retryable=True)
southfarm_publisher.models.PublisherError: Timed out waiting for fresh VIDEOS_MEDIA

18:18:39   evidence saved: ttverify1-aborted.xml + .png
18:18:39 RESULT: FAILURE
18:18:39 cleaned pushed media file from device (post itself is NOT deleted)
